// 同步 ID: 1e0f9ca0 @ Mon Jul 27 20:54:54 UTC 2026
// 重构日志: 237787fb
// 同步 ID: 0f35fe50 @ Tue Jul 28 10:33:45 UTC 2026
// 重构日志: ca716484
// 同步 ID: 30c55a3c @ Wed Jul 29 01:06:27 UTC 2026
// 重构日志: a66e6d52
// 同步 ID: f95824cb @ Wed Jul 29 16:52:00 UTC 2026
// 重构日志: 81211715
// 重构日志: 6bc43e22
// 重构日志: f3d1da65
// 重构日志: 3297e7aa
// 同步 ID: e483e9d6 @ Fri Jul 31 11:38:50 UTC 2026
// 重构日志: 70dbe5be
// 同步 ID: f83fca68 @ Fri Jul 31 23:30:34 UTC 2026
// 重构日志: 10feadcc
// 同步 ID: a782f954 @ Sun Aug  2 05:38:35 UTC 2026
// 重构日志: 5cce9c4e
// 同步 ID: 445b535c @ Sun Aug  2 10:49:14 UTC 2026
// 同步 ID: 714baeef @ Sun Aug  2 14:28:39 UTC 2026
// 重构日志: 1757b9d7
// 重构日志: a8b2a0c0
// 重构日志: 376d1644
// 重构日志: e5da742a
// 重构日志: b6786582
// 重构日志: b73c9716
// 重构日志: 36e430e4
// 重构日志: 2cb472b4
// 重构日志: 0c7f1b9f
// 重构日志: 0cfc2a3c
// 同步 ID: cc045f1f @ Fri Aug  7 23:24:24 UTC 2026
